[2023-03-21T14:58:35.732+0000][5322][gc,init] CardTable entry size: 512
[2023-03-21T14:58:35.743+0000][5322][gc     ] Using G1
[2023-03-21T14:58:35.748+0000][5322][gc,init] Version: 19.0.2+7-44 (release)
[2023-03-21T14:58:35.748+0000][5322][gc,init] CPUs: 4 total, 4 available
[2023-03-21T14:58:35.748+0000][5322][gc,init] Memory: 6241M
[2023-03-21T14:58:35.749+0000][5322][gc,init] Large Page Support: Disabled
[2023-03-21T14:58:35.749+0000][5322][gc,init] NUMA Support: Disabled
[2023-03-21T14:58:35.749+0000][5322][gc,init] Compressed Oops: Enabled (32-bit)
[2023-03-21T14:58:35.749+0000][5322][gc,init] Heap Region Size: 1M
[2023-03-21T14:58:35.749+0000][5322][gc,init] Heap Min Capacity: 8M
[2023-03-21T14:58:35.749+0000][5322][gc,init] Heap Initial Capacity: 98M
[2023-03-21T14:58:35.749+0000][5322][gc,init] Heap Max Capacity: 1562M
[2023-03-21T14:58:35.749+0000][5322][gc,init] Pre-touch: Disabled
[2023-03-21T14:58:35.749+0000][5322][gc,init] Parallel Workers: 4
[2023-03-21T14:58:35.749+0000][5322][gc,init] Concurrent Workers: 1
[2023-03-21T14:58:35.750+0000][5322][gc,init] Concurrent Refinement Workers: 4
[2023-03-21T14:58:35.750+0000][5322][gc,init] Periodic GC: Disabled
[2023-03-21T14:58:35.750+0000][5322][gc,metaspace] CDS archive(s) mapped at: [0x0000000800000000-0x0000000800c4f000-0x0000000800c4f000), size 12906496, SharedBaseAddress: 0x0000000800000000, ArchiveRelocationMode: 0.
[2023-03-21T14:58:35.750+0000][5322][gc,metaspace] Compressed class space mapped at: 0x0000000801000000-0x0000000841000000, reserved size: 1073741824
[2023-03-21T14:58:35.750+0000][5322][gc,metaspace] Narrow klass base: 0x0000000800000000, Narrow klass shift: 0, Narrow klass range: 0x100000000
[2023-03-21T14:58:35.803+0000][5322][gc,heap,exit] Heap
[2023-03-21T14:58:35.804+0000][5322][gc,heap,exit]  garbage-first heap   total 102400K, used 2016K [0x000000009e600000, 0x0000000100000000)
[2023-03-21T14:58:35.804+0000][5322][gc,heap,exit]   region size 1024K, 1 young (1024K), 0 survivors (0K)
[2023-03-21T14:58:35.804+0000][5322][gc,heap,exit]  Metaspace       used 57K, committed 128K, reserved 1114112K
[2023-03-21T14:58:35.804+0000][5322][gc,heap,exit]   class space    used 1K, committed 64K, reserved 1048576K
