[2023-03-21T14:58:35.833+0000][5341][gc,init] CardTable entry size: 512
[2023-03-21T14:58:35.837+0000][5341][gc     ] Using G1
[2023-03-21T14:58:35.855+0000][5341][gc,init] Version: 19.0.2+7-44 (release)
[2023-03-21T14:58:35.855+0000][5341][gc,init] CPUs: 4 total, 4 available
[2023-03-21T14:58:35.855+0000][5341][gc,init] Memory: 6241M
[2023-03-21T14:58:35.855+0000][5341][gc,init] Large Page Support: Disabled
[2023-03-21T14:58:35.855+0000][5341][gc,init] NUMA Support: Disabled
[2023-03-21T14:58:35.855+0000][5341][gc,init] Compressed Oops: Enabled (Zero based)
[2023-03-21T14:58:35.855+0000][5341][gc,init] Heap Region Size: 2M
[2023-03-21T14:58:35.855+0000][5341][gc,init] Heap Min Capacity: 3120M
[2023-03-21T14:58:35.855+0000][5341][gc,init] Heap Initial Capacity: 3120M
[2023-03-21T14:58:35.855+0000][5341][gc,init] Heap Max Capacity: 3120M
[2023-03-21T14:58:35.855+0000][5341][gc,init] Pre-touch: Disabled
[2023-03-21T14:58:35.855+0000][5341][gc,init] Parallel Workers: 4
[2023-03-21T14:58:35.855+0000][5341][gc,init] Concurrent Workers: 1
[2023-03-21T14:58:35.855+0000][5341][gc,init] Concurrent Refinement Workers: 4
[2023-03-21T14:58:35.855+0000][5341][gc,init] Periodic GC: Disabled
[2023-03-21T14:58:35.856+0000][5341][gc,metaspace] CDS archive(s) mapped at: [0x0000000800000000-0x0000000800c4f000-0x0000000800c4f000), size 12906496, SharedBaseAddress: 0x0000000800000000, ArchiveRelocationMode: 0.
[2023-03-21T14:58:35.857+0000][5341][gc,metaspace] Compressed class space mapped at: 0x0000000801000000-0x0000000841000000, reserved size: 1073741824
[2023-03-21T14:58:35.857+0000][5341][gc,metaspace] Narrow klass base: 0x0000000800000000, Narrow klass shift: 0, Narrow klass range: 0x100000000
[2023-03-21T14:58:35.915+0000][5341][gc,heap,exit] Heap
[2023-03-21T14:58:35.915+0000][5341][gc,heap,exit]  garbage-first heap   total 3194880K, used 5090K [0x000000073d000000, 0x0000000800000000)
[2023-03-21T14:58:35.915+0000][5341][gc,heap,exit]   region size 2048K, 2 young (4096K), 0 survivors (0K)
[2023-03-21T14:58:35.915+0000][5341][gc,heap,exit]  Metaspace       used 57K, committed 128K, reserved 1114112K
[2023-03-21T14:58:35.915+0000][5341][gc,heap,exit]   class space    used 1K, committed 64K, reserved 1048576K
